// Jest Snapshot v1, https://goo.gl/fbAQLP

exports[`Should render correctly It should get all mission loaded 1`] = `
<section
  className=" bg-[#95BF02] fixed top-0 overflow-auto left-0 h-full w-full p-2"
>
  <h1
    className="text-center"
  >
    Reservations
  </h1>
  <p
    className="text-center"
  />
  <table
    className="mx-auto table-auto border-collapse border border-slate-500"
  >
    <thead>
      <tr>
        <th
          className="border border-slate-600"
        >
          Start Date
        </th>
        <th
          className="border border-slate-600"
        >
          End Date
        </th>
        <th
          className="border border-slate-600"
        >
          City
        </th>
        <th
          className="border border-slate-600"
        >
          Vehicles
        </th>
      </tr>
    </thead>
    <tbody>
      <tr>
        <td
          className="border border-slate-600"
        >
          2020-01-21
        </td>
        <td
          className="border border-slate-600"
        >
          2020-04-23
        </td>
        <td
          className="border border-slate-600"
        >
          Dar es Salaam
        </td>
        <td
          className="border border-slate-600"
        />
      </tr>
      <tr>
        <td
          className="border border-slate-600"
        >
          2023-01-21
        </td>
        <td
          className="border border-slate-600"
        >
          2023-04-23
        </td>
        <td
          className="border border-slate-600"
        >
          Algeria
        </td>
        <td
          className="border border-slate-600"
        />
      </tr>
      <tr>
        <td
          className="border border-slate-600"
        >
          2020-01-21
        </td>
        <td
          className="border border-slate-600"
        >
          2021-03-07
        </td>
        <td
          className="border border-slate-600"
        >
          Kigali
        </td>
        <td
          className="border border-slate-600"
        />
      </tr>
      <tr>
        <td
          className="border border-slate-600"
        >
          1900-01-21
        </td>
        <td
          className="border border-slate-600"
        >
          1980-03-23
        </td>
        <td
          className="border border-slate-600"
        >
          Africa
        </td>
        <td
          className="border border-slate-600"
        />
      </tr>
      <tr>
        <td
          className="border border-slate-600"
        >
          2020-01-21
        </td>
        <td
          className="border border-slate-600"
        >
          2020-04-23
        </td>
        <td
          className="border border-slate-600"
        >
          Tanzania
        </td>
        <td
          className="border border-slate-600"
        />
      </tr>
      <tr>
        <td
          className="border border-slate-600"
        >
          2020-01-21
        </td>
        <td
          className="border border-slate-600"
        >
          2020-04-23
        </td>
        <td
          className="border border-slate-600"
        >
          World
        </td>
        <td
          className="border border-slate-600"
        />
      </tr>
      <tr>
        <td
          className="border border-slate-600"
        >
          2020-01-21
        </td>
        <td
          className="border border-slate-600"
        >
          2020-04-23
        </td>
        <td
          className="border border-slate-600"
        >
          Dar es Salaam
        </td>
        <td
          className="border border-slate-600"
        />
      </tr>
    </tbody>
  </table>
</section>
`;

exports[`Should render correctly It should get all reservations loaded 1`] = `
<section
  className=" bg-[#95BF02] fixed top-0 overflow-auto left-0 h-full w-full p-2"
>
  <h1
    className="text-center"
  >
    Reservations
  </h1>
  <p
    className="text-center"
  />
  <table
    className="mx-auto table-auto border-collapse border border-slate-500"
  >
    <thead>
      <tr>
        <th
          className="border border-slate-600"
        >
          Start Date
        </th>
        <th
          className="border border-slate-600"
        >
          End Date
        </th>
        <th
          className="border border-slate-600"
        >
          City
        </th>
        <th
          className="border border-slate-600"
        >
          Vehicles
        </th>
      </tr>
    </thead>
    <tbody>
      <tr>
        <td
          className="border border-slate-600"
        >
          2020-01-21
        </td>
        <td
          className="border border-slate-600"
        >
          2020-04-23
        </td>
        <td
          className="border border-slate-600"
        >
          Dar es Salaam
        </td>
        <td
          className="border border-slate-600"
        />
      </tr>
      <tr>
        <td
          className="border border-slate-600"
        >
          2023-01-21
        </td>
        <td
          className="border border-slate-600"
        >
          2023-04-23
        </td>
        <td
          className="border border-slate-600"
        >
          Algeria
        </td>
        <td
          className="border border-slate-600"
        />
      </tr>
      <tr>
        <td
          className="border border-slate-600"
        >
          2020-01-21
        </td>
        <td
          className="border border-slate-600"
        >
          2021-03-07
        </td>
        <td
          className="border border-slate-600"
        >
          Kigali
        </td>
        <td
          className="border border-slate-600"
        />
      </tr>
      <tr>
        <td
          className="border border-slate-600"
        >
          1900-01-21
        </td>
        <td
          className="border border-slate-600"
        >
          1980-03-23
        </td>
        <td
          className="border border-slate-600"
        >
          Africa
        </td>
        <td
          className="border border-slate-600"
        />
      </tr>
      <tr>
        <td
          className="border border-slate-600"
        >
          2020-01-21
        </td>
        <td
          className="border border-slate-600"
        >
          2020-04-23
        </td>
        <td
          className="border border-slate-600"
        >
          Tanzania
        </td>
        <td
          className="border border-slate-600"
        />
      </tr>
      <tr>
        <td
          className="border border-slate-600"
        >
          2020-01-21
        </td>
        <td
          className="border border-slate-600"
        >
          2020-04-23
        </td>
        <td
          className="border border-slate-600"
        >
          World
        </td>
        <td
          className="border border-slate-600"
        />
      </tr>
      <tr>
        <td
          className="border border-slate-600"
        >
          2020-01-21
        </td>
        <td
          className="border border-slate-600"
        >
          2020-04-23
        </td>
        <td
          className="border border-slate-600"
        >
          Dar es Salaam
        </td>
        <td
          className="border border-slate-600"
        />
      </tr>
    </tbody>
  </table>
</section>
`;
