// Jest Snapshot v1, https://goo.gl/fbAQLP

exports[`Render a DeleteCar 1`] = `
<section
  className="bg-[#95BF02] fixed top-0 overflow-auto left-0 h-full w-full p-2"
>
  <h1
    className="text-center"
  >
    Reservations
  </h1>
  <p
    className="text-center"
  />
  <table
    className="mx-auto table-auto border-collapse border border-slate-500"
  >
    <thead>
      <tr>
        <th
          className="border border-slate-600"
        >
          Start Date
        </th>
        <th
          className="border border-slate-600"
        >
          End Date
        </th>
        <th
          className="border border-slate-600"
        >
          City
        </th>
        <th
          className="border border-slate-600"
        >
          Vehicles
        </th>
      </tr>
    </thead>
    <tbody />
  </table>
</section>
`;
